Test at Thu May 22 20:28:31 UTC 2025
